[pinnaclecapitallimted.com/index.html]
[backblue.gif]
[fade.gif]
[index.html]
[pinnaclecapitallimted.com/wp-content/plugins/bdthemes-element-pack-lite/assets/css/bdt-uikitcf1bcf1b.css]
[pinnaclecapitallimted.com/wp-content/plugins/bdthemes-element-pack-lite/assets/css/element-pack-siteb12bb12b.css]
[pinnaclecapitallimted.com/wp-content/plugins/template-kit-export/public/assets/css/template-kit-export-public.min9f349f34.css]
[pinnaclecapitallimted.com/wp-content/themes/hello-elementor/style.min80668066.css]
[pinnaclecapitallimted.com/wp-content/themes/hello-elementor/theme.min80668066.css]
[pinnaclecapitallimted.com/wp-content/plugins/elementor/assets/css/frontend.min6b006b00.css]
[pinnaclecapitallimted.com/wp-content/plugins/elementor/assets/lib/eicons/fonts/eicons0b930b93.eot]
[pinnaclecapitallimted.com/wp-content/uploads/sites/56/elementor/css/post-64dba4dba.css]
[pinnaclecapitallimted.com/wp-content/plugins/elementor/assets/lib/eicons/css/elementor-icons.minb683b683.css]
[pinnaclecapitallimted.com/wp-content/plugins/elementor-pro/assets/css/frontend.minee9aee9a.css]
[pinnaclecapitallimted.com/wp-content/plugins/ooohboi-steroids-for-elementor/assets/css/maindd81dd81.css]
[pinnaclecapitallimted.com/wp-content/plugins/void-elementor-whmcs-elements/assets/css/style41a341a3.css]
[pinnaclecapitallimted.com/wp-content/uploads/sites/56/elementor/css/post-6560a4f0a4f.css]
[pinnaclecapitallimted.com/wp-content/uploads/sites/56/elementor/css/post-320a4f0a4f.css]
[pinnaclecapitallimted.com/wp-content/uploads/sites/56/elementor/css/post-440a4f0a4f.css]
[pinnaclecapitallimted.com/wp-content/plugins/elementskit-lite/modules/elementskit-icon-pack/assets/css/ekiticons92549254.css]
[pinnaclecapitallimted.com/wp-content/plugins/elementskit-lite/widgets/init/assets/css/responsive92549254.css]
[pinnaclecapitallimted.com/wp-content/plugins/elementskit-lite/widgets/init/assets/css/widget-styles92549254.css]
[pinnaclecapitallimted.com/wp-content/plugins/elementor/assets/lib/font-awesome/css/solid.min52d552d5.css]
[pinnaclecapitallimted.com/wp-includes/js/jquery/jquery-migrate.mind617d617.js]
[pinnaclecapitallimted.com/wp-includes/js/jquery/jquery.minaf6caf6c.js]
[pinnaclecapitallimted.com/wp-content/plugins/template-kit-export/public/assets/js/template-kit-export-public.min9f349f34.js]
[pinnaclecapitallimted.com/wp-json/index.html]
[pinnaclecapitallimted.com/wp-includes/wlwmanifest.xml]
[maxcdn.bootstrapcdn.com/bootstrap/3.4.1/css/bootstrap.min.css]
[ajax.googleapis.com/ajax/libs/jquery/3.5.1/jquery.min.js]
[maxcdn.bootstrapcdn.com/bootstrap/3.4.1/js/bootstrap.min.js]
[pinnaclecapitallimted.com/wp-content/uploads/sites/56/elementor/thumbs/Logo_kingsley-pav84691l3e18xsnqfyms4qi1fvqctrqy1gtofk740.png]
[pinnaclecapitallimted.com/about-us/index.html]
[pinnaclecapitallimted.com/faq/index.html]
[pinnaclecapitallimted.com/login/index.html]
[pinnaclecapitallimted.com/pricing-plan/index.html]
[pinnaclecapitallimted.com/register/index.html]
[pinnaclecapitallimted.com/contact-us/index.html]
[pinnaclecapitallimted.com/wp-content/uploads/sites/56/2021/07/at-the-meeting-with-finance-advisor--e1627827525259.jpg]
[pinnaclecapitallimted.com/wp-content/uploads/sites/56/elementor/thumbs/review-pax8xa59ali2l2d2rshm1w0fw1j6kryxq3zav4fsw0.png]
[pinnaclecapitallimted.com/wp-content/uploads/sites/56/2021/07/logoipsum-logo-1-8.png]
[pinnaclecapitallimted.com/wp-content/uploads/sites/56/2021/07/logoipsum-logo-2-10.png]
[pinnaclecapitallimted.com/wp-content/uploads/sites/56/2021/07/logoipsum-logo-4-1.png]
[pinnaclecapitallimted.com/wp-content/uploads/sites/56/2021/07/logoipsum-logo-8-1.png]
[pinnaclecapitallimted.com/wp-content/uploads/sites/56/2021/07/logoipsum-logo-11-1.png]
[pinnaclecapitallimted.com/wp-content/uploads/sites/56/2021/07/logoipsum-logo-12-1.png]
[pinnaclecapitallimted.com/wp-content/uploads/sites/56/2021/07/logoipsum-logo-17-1.png]
[pinnaclecapitallimted.com/wp-content/uploads/sites/56/2021/07/logoipsum-logo-27-1.png]
[pinnaclecapitallimted.com/wp-content/uploads/sites/56/2021/07/logoipsum-logo-29-1.png]
[pinnaclecapitallimted.com/wp-content/uploads/sites/56/2021/07/finance-e1627827550977.jpg]
[pinnaclecapitallimted.com/wp-content/uploads/sites/56/2021/07/business-e1627827590309.jpg]
[pinnaclecapitallimted.com/wp-content/uploads/sites/56/2021/08/Investment.png]
[pinnaclecapitallimted.com/wp-content/uploads/sites/56/elementor/thumbs/dinancial-history-payv9oe4z4sk4u3b3qi3zexqr66ab8dugui1mnfa4g.png]
[pinnaclecapitallimted.com/wp-content/uploads/sites/56/2021/08/Stock.png]
[pinnaclecapitallimted.com/wp-content/uploads/sites/56/2021/08/Order.png]
[pinnaclecapitallimted.com/wp-content/uploads/sites/56/2021/07/business-woman-3-e1627749901434.jpg]
[pinnaclecapitallimted.com/wp-content/uploads/sites/56/2021/07/business-woman-4-e1627749867648.jpg]
[pinnaclecapitallimted.com/wp-content/uploads/sites/56/2021/07/portrait-of-confident-stylish-bearded-man-in-suit-isolated-on-white-e1627749923850.jpg]
[www.feedgrabbr.com/widget/fgwidget.js]
[pinnaclecapitallimted.com/wp-content/uploads/sites/56/elementor/thumbs/Logo_kingsley-pav84691l3e5c99ilnp4hjwi47kkm05zgqke30v6rk.png]
[pinnaclecapitallimted.com/wp-includes/promo.jpg]
[pinnaclecapitallimted.com/wp-content/plugins/elementor/assets/lib/animations/animations.min6b006b00.css]
[pinnaclecapitallimted.com/wp-content/themes/hello-elementor/assets/js/hello-frontend.min8a548a54.js]
[pinnaclecapitallimted.com/wp-content/plugins/ooohboi-steroids-for-elementor/assets/js/ooohboi-steroids-min70677067.js]
[pinnaclecapitallimted.com/wp-content/plugins/elementskit-lite/libs/framework/assets/js/frontend-script92549254.js]
[pinnaclecapitallimted.com/wp-includes/js/wp-embed.min41a341a3.js]
[pinnaclecapitallimted.com/wp-content/plugins/elementor-pro/assets/lib/smartmenus/jquery.smartmenus.minf269f269.js]
[pinnaclecapitallimted.com/wp-includes/js/imagesloaded.mineda1eda1.js]
[pinnaclecapitallimted.com/wp-content/plugins/bdthemes-element-pack-lite/assets/js/bdt-uikit.minb12bb12b.js]
[pinnaclecapitallimted.com/wp-content/plugins/elementor/assets/js/webpack.runtime.min6b006b00.js]
[pinnaclecapitallimted.com/wp-content/plugins/elementor/assets/js/frontend-modules.min6b006b00.js]
[pinnaclecapitallimted.com/wp-content/plugins/elementor/assets/lib/waypoints/waypoints.min05da05da.js]
[pinnaclecapitallimted.com/wp-includes/js/jquery/ui/core.min35d035d0.js]
[pinnaclecapitallimted.com/wp-content/plugins/elementor/assets/lib/share-link/share-link.min6b006b00.js]
[pinnaclecapitallimted.com/wp-content/plugins/elementor/assets/lib/swiper/swiper.min48f548f5.js]
[pinnaclecapitallimted.com/wp-content/plugins/elementor/assets/lib/dialog/dialog.mina288a288.js]
[pinnaclecapitallimted.com/wp-content/plugins/elementor/assets/js/frontend.min6b006b00.js]
[pinnaclecapitallimted.com/wp-content/plugins/bdthemes-element-pack-lite/assets/js/element-pack-site.minb12bb12b.js]
[pinnaclecapitallimted.com/wp-content/plugins/bdthemes-prime-slider-lite/assets/js/prime-slider-site.min0a100a10.js]
[pinnaclecapitallimted.com/wp-content/plugins/elementor-pro/assets/js/webpack-pro.runtime.minee9aee9a.js]
[pinnaclecapitallimted.com/wp-content/plugins/elementor-pro/assets/lib/sticky/jquery.sticky.minee9aee9a.js]
[pinnaclecapitallimted.com/wp-content/plugins/elementor-pro/assets/js/frontend.minee9aee9a.js]
[pinnaclecapitallimted.com/wp-content/plugins/elementskit-lite/widgets/init/assets/js/animate-circle92549254.js]
[pinnaclecapitallimted.com/wp-content/plugins/elementor-pro/assets/js/preloaded-elements-handlers.minee9aee9a.js]
[pinnaclecapitallimted.com/wp-content/plugins/elementskit-lite/widgets/init/assets/js/elementor92549254.js]
[pinnaclecapitallimted.com/wp-content/plugins/elementor/assets/js/preloaded-modules.min6b006b00.js]
[client.crisp.chat/l.js]
[translate.google.com/translate_a/elementa0d8.js]
[pinnaclecapitallimted.com/index.html]
[pinnaclecapitallimted.com/wp-content/plugins/bdthemes-element-pack-lite/assets/css/bdt-uikitcf1bcf1b.css]
[pinnaclecapitallimted.com/wp-content/plugins/bdthemes-element-pack-lite/assets/images/loading.svg]
[pinnaclecapitallimted.com/wp-content/plugins/bdthemes-element-pack-lite/assets/css/element-pack-siteb12bb12b.css]
[pinnaclecapitallimted.com/wp-content/plugins/bdthemes-prime-slider-lite/assets/css/prime-slider-site0a100a10.css]
[pinnaclecapitallimted.com/wp-includes/css/dist/block-library/style.min41a341a3.css]
[pinnaclecapitallimted.com/wp-content/plugins/template-kit-export/public/assets/css/template-kit-export-public.min9f349f34.css]
[pinnaclecapitallimted.com/wp-content/themes/hello-elementor/style.min80668066.css]
[pinnaclecapitallimted.com/wp-content/themes/hello-elementor/theme.min80668066.css]
[pinnaclecapitallimted.com/wp-content/plugins/elementor/assets/css/frontend.min6b006b00.css]
[pinnaclecapitallimted.com/wp-content/uploads/sites/56/elementor/css/post-64dba4dba.css]
[pinnaclecapitallimted.com/wp-content/plugins/elementor/assets/lib/eicons/fonts/eicons02d602d6.eot]
[pinnaclecapitallimted.com/wp-content/plugins/elementor/assets/lib/eicons/fonts/eicons02d602d6.woff2]
[pinnaclecapitallimted.com/wp-content/plugins/elementor/assets/lib/eicons/fonts/eicons02d602d6.woff]
[pinnaclecapitallimted.com/wp-content/plugins/elementor/assets/lib/eicons/fonts/eicons02d602d6.ttf]
[pinnaclecapitallimted.com/wp-content/plugins/elementor/assets/lib/eicons/css/elementor-icons.minb683b683.css]
[pinnaclecapitallimted.com/wp-content/plugins/elementor-pro/assets/css/frontend.minee9aee9a.css]
[pinnaclecapitallimted.com/wp-content/plugins/ooohboi-steroids-for-elementor/assets/css/maindd81dd81.css]
[pinnaclecapitallimted.com/wp-content/plugins/void-elementor-whmcs-elements/assets/css/style41a341a3.css]
[pinnaclecapitallimted.com/wp-content/plugins/elementor/assets/lib/eicons/fonts/eicons02d602d6.svg]
[www.oxfordplatinum.com/wp-content/uploads/sites/56/2021/08/woman-working-in-office.jpg]
[demo.moxcreative.com/kingsley/wp-content/uploads/sites/56/2021/07/header_masking_1.html]
[demo.moxcreative.com/kingsley/wp-content/uploads/sites/56/2021/07/business-man-trader-investor-analyst-checking-trading-data-.html]
[pinnaclecapitallimted.com/wp-content/uploads/sites/56/elementor/css/post-6560a4f0a4f.css]
[pinnaclecapitallimted.com/wp-content/uploads/sites/56/elementor/css/post-320a4f0a4f.css]
[demo.moxcreative.com/kingsley/wp-content/uploads/sites/56/2021/07/office-workplace-table.html]
[www.oxfordplatinum.com/wp-content/uploads/sites/56/2021/07/futuristic-office-building.jpg]
[pinnaclecapitallimted.com/wp-content/uploads/sites/56/elementor/css/post-440a4f0a4f.css]
[pinnaclecapitallimted.com/wp-content/plugins/elementskit-lite/modules/elementskit-icon-pack/assets/fonts/elementskit97ac97ac.woff]
[pinnaclecapitallimted.com/wp-content/plugins/elementskit-lite/modules/elementskit-icon-pack/assets/css/ekiticons92549254.css]
[pinnaclecapitallimted.com/wp-content/plugins/elementskit-lite/widgets/init/assets/img/arrow.png]
[pinnaclecapitallimted.com/wp-content/plugins/elementskit-lite/widgets/init/assets/img/sort_asc.png]
[pinnaclecapitallimted.com/wp-content/plugins/elementskit-lite/widgets/init/assets/img/sort_desc.png]
[pinnaclecapitallimted.com/wp-content/plugins/elementskit-lite/widgets/init/assets/img/sort_asc_disabled.png]
[pinnaclecapitallimted.com/wp-content/plugins/elementskit-lite/widgets/init/assets/css/widget-styles92549254.css]
[pinnaclecapitallimted.com/wp-content/plugins/elementskit-lite/widgets/init/assets/css/responsive92549254.css]
[pinnaclecapitallimted.com/wp-content/plugins/elementor/assets/lib/font-awesome/css/fontawesome.min52d552d5.css]
[pinnaclecapitallimted.com/wp-content/plugins/elementor/assets/lib/font-awesome/webfonts/fa-solid-900.eot]
[pinnaclecapitallimted.com/wp-content/plugins/elementor/assets/lib/font-awesome/webfonts/fa-solid-900d41dd41d.eot]
[pinnaclecapitallimted.com/wp-content/plugins/elementor/assets/lib/font-awesome/webfonts/fa-solid-900.woff2]
[pinnaclecapitallimted.com/wp-content/plugins/elementor/assets/lib/font-awesome/webfonts/fa-solid-900.woff]
[pinnaclecapitallimted.com/wp-content/plugins/elementor/assets/lib/font-awesome/webfonts/fa-solid-900.ttf]
[pinnaclecapitallimted.com/wp-content/plugins/elementor/assets/lib/font-awesome/css/solid.min52d552d5.css]
[pinnaclecapitallimted.com/wp-json/index.html]
[pinnaclecapitallimted.com/xmlrpc0db00db0.html]
[pinnaclecapitallimted.com/wp-json/oembed/1.0/embed60bc60bc.html]
[pinnaclecapitallimted.com/wp-json/oembed/1.0/embed8f368f36.html]
[maxcdn.bootstrapcdn.com/bootstrap/3.4.1/css/bootstrap.min.css]
[pinnaclecapitallimted.com/wp-content/uploads/sites/56/elementor/css/post-29403bf03bf.css]
[pinnaclecapitallimted.com/wp-content/plugins/elementor/assets/lib/font-awesome/webfonts/fa-solid-900.svg]
[pinnaclecapitallimted.com/about-us/index.html]
[demo.moxcreative.com/kingsley/wp-content/uploads/sites/56/2021/07/at-the-meeting-with-finance-advisor--e1627827525259.html]
[pinnaclecapitallimted.com/wp-content/uploads/sites/56/elementor/css/post-226b701b701.css]
[pinnaclecapitallimted.com/pricing-plan/index.html]
[pinnaclecapitallimted.com/faq/index.html]
[pinnaclecapitallimted.com/wp-content/uploads/sites/56/essential-addons-elementor/6c6b8019d.minc951c951.css]
[pinnaclecapitallimted.com/wp-content/plugins/essential-addons-for-elementor-lite/assets/admin/images/templately/logo-icon.svg]
[pinnaclecapitallimted.com/wp-content/plugins/elementor/assets/lib/font-awesome/css/brands.min52d552d5.css]
[pinnaclecapitallimted.com/contact-us/index.html]
[pinnaclecapitallimted.com/css/toastr.min.css]
[cdnjs.cloudflare.com/ajax/libs/font-awesome/4.7.0/css/font-awesome.css]
[cdnjs.cloudflare.com/ajax/libs/font-awesome/4.7.0/css/font-awesome.min.css]
[pinnaclecapitallimted.com/js/jquery-2.2.4.min.js]
[pinnaclecapitallimted.com/js/toastr.min.js]
[pinnaclecapitallimted.com/js/datalog.js]
[pinnaclecapitallimted.com/login/index.html]
[pinnaclecapitallimted.com/css/fontawesome.min.css]
[pinnaclecapitallimted.com/css/all.min.css]
[pinnaclecapitallimted.com/register/index.html]
[pinnaclecapitallimted.com/kingsley.html]
[pinnaclecapitallimted.com/terms.html]
[pinnaclecapitallimted.com/wp-content/plugins/elementor/assets/lib/animations/animations.min6b006b00.css]
[pinnaclecapitallimted.com/wp-content/plugins/elementskit-lite/widgets/init/assets/js/widget-scripts92549254.js]
[pinnaclecapitallimted.com/wp-content/plugins/bdthemes-element-pack-lite/assets/images/backgrounds/divider-icon.html]
[pinnaclecapitallimted.com/wp-content/plugins/bdthemes-element-pack-lite/assets/images/backgrounds/list-bullet.html]
[pinnaclecapitallimted.com/wp-content/plugins/bdthemes-element-pack-lite/assets/images/backgrounds/form-datalist.html]
[pinnaclecapitallimted.com/wp-content/plugins/bdthemes-element-pack-lite/assets/images/loading.svg]
[pinnaclecapitallimted.com/wp-content/plugins/elementor/assets/lib/eicons/fonts/eicons02d602d6.svg]
[pinnaclecapitallimted.com/wp-content/uploads/sites/56/elementor/2021/07/header_masking_1.html]
[demo.moxcreative.com/kingsley/wp-content/uploads/sites/56/2021/07/header_masking_1.html]
[demo.moxcreative.com/kingsley/wp-content/uploads/sites/56/2021/07/business-man-trader-investor-analyst-checking-trading-data-.html]
[demo.moxcreative.com/kingsley/wp-content/uploads/sites/56/2021/07/office-workplace-table.html]
[pinnaclecapitallimted.com/wp-content/plugins/elementskit-lite/widgets/init/assets/img/cross-out.svg]
[pinnaclecapitallimted.com/wp-content/plugins/elementor/assets/lib/font-awesome/webfonts/fa-solid-900.svg]
[pinnaclecapitallimted.com/_https_/demo.moxcreative.com/kingsley/template-kit/homepage/_.html]
[pinnaclecapitallimted.com/feed/index.html]
[pinnaclecapitallimted.com/comments/feed/index.html]
[demo.moxcreative.com/kingsley/wp-content/uploads/sites/56/2021/07/business.html]
[pinnaclecapitallimted.com/wp-content/uploads/sites/56/elementor/css/post-29403bf03bf.css]
[pinnaclecapitallimted.com/about-us/index-2.html]
[pinnaclecapitallimted.com/indexe2aae2aa.html]
[demo.moxcreative.com/kingsley/wp-content/uploads/sites/56/2021/07/office-building.html]
[pinnaclecapitallimted.com/wp-json/oembed/1.0/embed35363536.html]
[pinnaclecapitallimted.com/wp-json/oembed/1.0/embed37b637b6.html]
[demo.moxcreative.com/kingsley/wp-content/uploads/sites/56/2021/07/at-the-meeting-with-finance-advisor--e1627827525259.html]
[pinnaclecapitallimted.com/wp-content/uploads/sites/56/elementor/css/post-226b701b701.css]
[pinnaclecapitallimted.com/pricing-plan/index-2.html]
[pinnaclecapitallimted.com/index8c348c34.html]
[demo.moxcreative.com/kingsley/wp-content/uploads/sites/56/2021/07/two-busines-partners-men-in-the-office.html]
[pinnaclecapitallimted.com/wp-json/oembed/1.0/embed81178117.html]
[pinnaclecapitallimted.com/wp-json/oembed/1.0/embed0bed0bed.html]
[pinnaclecapitallimted.com/faq/index-2.html]
[pinnaclecapitallimted.com/wp-content/uploads/sites/56/essential-addons-elementor/6c6b8019d.minc951c951.css]
[pinnaclecapitallimted.com/wp-content/plugins/essential-addons-for-elementor-lite/assets/admin/images/templately/logo-icon.svg]
[pinnaclecapitallimted.com/wp-content/uploads/sites/56/elementor/css/post-12480f280f2.css]
[pinnaclecapitallimted.com/wp-content/plugins/elementor/assets/lib/font-awesome/webfonts/fa-brands-400.eot]
[pinnaclecapitallimted.com/wp-content/plugins/elementor/assets/lib/font-awesome/webfonts/fa-brands-400d41dd41d.eot]
[pinnaclecapitallimted.com/wp-content/plugins/elementor/assets/lib/font-awesome/webfonts/fa-brands-400.woff2]
[pinnaclecapitallimted.com/wp-content/plugins/elementor/assets/lib/font-awesome/css/brands.min52d552d5.css]
[pinnaclecapitallimted.com/contact-us/index-2.html]
[pinnaclecapitallimted.com/indexd4a6d4a6.html]
[pinnaclecapitallimted.com/wp-json/oembed/1.0/embed70fe70fe.html]
[pinnaclecapitallimted.com/wp-json/oembed/1.0/embed2e992e99.html]
[pinnaclecapitallimted.com/login/index-2.html]
[pinnaclecapitallimted.com/css/toastr.min.css]
[cdnjs.cloudflare.com/ajax/libs/font-awesome/4.7.0/css/font-awesome.css]
[cdnjs.cloudflare.com/ajax/libs/font-awesome/4.7.0/css/font-awesome.min.css]
[pinnaclecapitallimted.com/css/fontawesome.min.css]
[pinnaclecapitallimted.com/wp-content/plugins/elementor/assets/lib/font-awesome/webfonts/fa-brands-400.svg]
[pinnaclecapitallimted.com/css/all.min.css]
[pinnaclecapitallimted.com/register/index-2.html]
[demo.moxcreative.com/kingsley/wp-content/uploads/sites/56/2021/07/business.html]
[demo.moxcreative.com/kingsley/wp-content/uploads/sites/56/2021/07/office-building.html]
[pinnaclecapitallimted.com/_https_/demo.moxcreative.com/kingsley/template-kit/about-us/_.html]
[demo.moxcreative.com/kingsley/wp-content/uploads/sites/56/2021/07/two-busines-partners-men-in-the-office.html]
[pinnaclecapitallimted.com/_https_/demo.moxcreative.com/kingsley/template-kit/pricing-plan/_.html]
[pinnaclecapitallimted.com/wp-content/plugins/elementor/assets/lib/font-awesome/webfonts/fa-brands-400.woff]
[pinnaclecapitallimted.com/wp-content/plugins/elementor/assets/lib/font-awesome/webfonts/fa-brands-400.ttf]
[pinnaclecapitallimted.com/wp-content/plugins/elementor/assets/lib/font-awesome/webfonts/fa-brands-400.svg]
[pinnaclecapitallimted.com/webfonts/fa-brands-400.html]
[pinnaclecapitallimted.com/webfonts/fa-brands-400d41d.html]
[pinnaclecapitallimted.com/webfonts/fa-brands-401.html]
[pinnaclecapitallimted.com/webfonts/fa-brands-402.html]
[pinnaclecapitallimted.com/webfonts/fa-brands-403.html]
[pinnaclecapitallimted.com/webfonts/fa-brands-404.html]
[pinnaclecapitallimted.com/webfonts/fa-regular-400.html]
[pinnaclecapitallimted.com/webfonts/fa-regular-400d41d.html]
[pinnaclecapitallimted.com/webfonts/fa-regular-401.html]
[pinnaclecapitallimted.com/webfonts/fa-regular-402.html]
[pinnaclecapitallimted.com/webfonts/fa-regular-403.html]
[pinnaclecapitallimted.com/webfonts/fa-regular-404.html]
[pinnaclecapitallimted.com/webfonts/fa-solid-900.html]
[pinnaclecapitallimted.com/webfonts/fa-solid-900d41d.html]
[pinnaclecapitallimted.com/webfonts/fa-solid-901.html]
[pinnaclecapitallimted.com/webfonts/fa-solid-902.html]
[pinnaclecapitallimted.com/webfonts/fa-solid-903.html]
[pinnaclecapitallimted.com/webfonts/fa-solid-904.html]
